
> portal-lajes-pintadas@1.0.0 build
> next build

  Ôû▓ Next.js 14.2.3
  - Environments: .env.local, .env

   Creating an optimized production build ...
node.exe :  ÔÜá Compiled with warnings
No C:\Program Files\nodejs\npm.ps1:29 caractere:3
+   & $NODE_EXE $NPM_CLI_JS $args
+   ~~~~~~~~~~~~~~~~~~~~~~~~~~~~~
    + CategoryInfo          : NotSpecified: ( ÔÜá Compiled with war 
   nings:String) [], RemoteException
    + FullyQualifiedErrorId : NativeCommandError
 

./src/app/(site)/transparencia/atas-registro/_AtasRegistroClient.tsx
Attempted import error: 'FaCheckCircle' is not exported from '__barr
el_optimize__?names=FaArrowRight,FaBriefcase,FaCalendarAlt,FaCheckCi
rcle,FaDownload,FaFileSignature,FaMagnifyingGlass,FaSpinner,FaTimesC
ircle,FaWallet!=!react-icons/fa6' (imported as 'FaCheckCircle').

Import trace for requested module:
./src/app/(site)/transparencia/atas-registro/_AtasRegistroClient.tsx

./src/app/(site)/transparencia/atas-registro/_AtasRegistroClient.tsx
Attempted import error: 'FaCheckCircle' is not exported from '__barr
el_optimize__?names=FaArrowRight,FaBriefcase,FaCalendarAlt,FaCheckCi
rcle,FaDownload,FaFileSignature,FaMagnifyingGlass,FaSpinner,FaTimesC
ircle,FaWallet!=!react-icons/fa6' (imported as 'FaCheckCircle').

Import trace for requested module:
./src/app/(site)/transparencia/atas-registro/_AtasRegistroClient.tsx

./src/app/(site)/transparencia/atas-registro/_AtasRegistroClient.tsx
Attempted import error: 'FaTimesCircle' is not exported from '__barr
el_optimize__?names=FaArrowRight,FaBriefcase,FaCalendarAlt,FaCheckCi
rcle,FaDownload,FaFileSignature,FaMagnifyingGlass,FaSpinner,FaTimesC
ircle,FaWallet!=!react-icons/fa6' (imported as 'FaTimesCircle').

Import trace for requested module:
./src/app/(site)/transparencia/atas-registro/_AtasRegistroClient.tsx

./src/app/(site)/transparencia/atas-registro/_AtasRegistroClient.tsx
Attempted import error: 'FaCalendarAlt' is not exported from '__barr
el_optimize__?names=FaArrowRight,FaBriefcase,FaCalendarAlt,FaCheckCi
rcle,FaDownload,FaFileSignature,FaMagnifyingGlass,FaSpinner,FaTimesC
ircle,FaWallet!=!react-icons/fa6' (imported as 'FaCalendarAlt').

Import trace for requested module:
./src/app/(site)/transparencia/atas-registro/_AtasRegistroClient.tsx

./src/app/(site)/transparencia/contratos/page.tsx
Attempted import error: 'FaCheckCircle' is not exported from '__barr
el_optimize__?names=FaArrowRight,FaBolt,FaBriefcase,FaBuilding,FaBui
ldingColumns,FaCheckCircle,FaFileContract,FaFileLines,FaMagnifyingGl
ass,FaRegCalendarAlt,FaShieldHalved,FaSpinner,FaTimesCircle!=!react-
icons/fa6' (imported as 'FaCheckCircle').

Import trace for requested module:
./src/app/(site)/transparencia/contratos/page.tsx

./src/app/(site)/transparencia/contratos/page.tsx
Attempted import error: 'FaCheckCircle' is not exported from '__barr
el_optimize__?names=FaArrowRight,FaBolt,FaBriefcase,FaBuilding,FaBui
ldingColumns,FaCheckCircle,FaFileContract,FaFileLines,FaMagnifyingGl
ass,FaRegCalendarAlt,FaShieldHalved,FaSpinner,FaTimesCircle!=!react-
icons/fa6' (imported as 'FaCheckCircle').

Import trace for requested module:
./src/app/(site)/transparencia/contratos/page.tsx

./src/app/(site)/transparencia/contratos/page.tsx
Attempted import error: 'FaTimesCircle' is not exported from '__barr
el_optimize__?names=FaArrowRight,FaBolt,FaBriefcase,FaBuilding,FaBui
ldingColumns,FaCheckCircle,FaFileContract,FaFileLines,FaMagnifyingGl
ass,FaRegCalendarAlt,FaShieldHalved,FaSpinner,FaTimesCircle!=!react-
icons/fa6' (imported as 'FaTimesCircle').

Import trace for requested module:
./src/app/(site)/transparencia/contratos/page.tsx

./src/app/(site)/transparencia/contratos/page.tsx
Attempted import error: 'FaRegCalendarAlt' is not exported from '__b
arrel_optimize__?names=FaArrowRight,FaBolt,FaBriefcase,FaBuilding,Fa
BuildingColumns,FaCheckCircle,FaFileContract,FaFileLines,FaMagnifyin
gGlass,FaRegCalendarAlt,FaShieldHalved,FaSpinner,FaTimesCircle!=!rea
ct-icons/fa6' (imported as 'FaRegCalendarAlt').

Import trace for requested module:
./src/app/(site)/transparencia/contratos/page.tsx

./src/app/(site)/transparencia/convenios/page.tsx
Attempted import error: 'FaCheckCircle' is not exported from '__barr
el_optimize__?names=FaArrowRight,FaArrowTrendUp,FaBuilding,FaBuildin
gColumns,FaCheckCircle,FaFileLines,FaFileSignature,FaHandshake,FaHis
tory,FaInfoCircle,FaLayerGroup,FaMagnifyingGlass,FaShieldHalved,FaSp
inner,FaTimesCircle!=!react-icons/fa6' (imported as 
'FaCheckCircle').

Import trace for requested module:
./src/app/(site)/transparencia/convenios/page.tsx

./src/app/(site)/transparencia/convenios/page.tsx
Attempted import error: 'FaInfoCircle' is not exported from '__barre
l_optimize__?names=FaArrowRight,FaArrowTrendUp,FaBuilding,FaBuilding
Columns,FaCheckCircle,FaFileLines,FaFileSignature,FaHandshake,FaHist
ory,FaInfoCircle,FaLayerGroup,FaMagnifyingGlass,FaShieldHalved,FaSpi
nner,FaTimesCircle!=!react-icons/fa6' (imported as 'FaInfoCircle').

Import trace for requested module:
./src/app/(site)/transparencia/convenios/page.tsx

./src/app/(site)/transparencia/convenios/page.tsx
Attempted import error: 'FaCheckCircle' is not exported from '__barr
el_optimize__?names=FaArrowRight,FaArrowTrendUp,FaBuilding,FaBuildin
gColumns,FaCheckCircle,FaFileLines,FaFileSignature,FaHandshake,FaHis
tory,FaInfoCircle,FaLayerGroup,FaMagnifyingGlass,FaShieldHalved,FaSp
inner,FaTimesCircle!=!react-icons/fa6' (imported as 
'FaCheckCircle').

Import trace for requested module:
./src/app/(site)/transparencia/convenios/page.tsx

./src/app/(site)/transparencia/convenios/page.tsx
Attempted import error: 'FaTimesCircle' is not exported from '__barr
el_optimize__?names=FaArrowRight,FaArrowTrendUp,FaBuilding,FaBuildin
gColumns,FaCheckCircle,FaFileLines,FaFileSignature,FaHandshake,FaHis
tory,FaInfoCircle,FaLayerGroup,FaMagnifyingGlass,FaShieldHalved,FaSp
inner,FaTimesCircle!=!react-icons/fa6' (imported as 
'FaTimesCircle').

Import trace for requested module:
./src/app/(site)/transparencia/convenios/page.tsx

./src/app/(site)/transparencia/convenios/page.tsx
Attempted import error: 'FaInfoCircle' is not exported from '__barre
l_optimize__?names=FaArrowRight,FaArrowTrendUp,FaBuilding,FaBuilding
Columns,FaCheckCircle,FaFileLines,FaFileSignature,FaHandshake,FaHist
ory,FaInfoCircle,FaLayerGroup,FaMagnifyingGlass,FaShieldHalved,FaSpi
nner,FaTimesCircle!=!react-icons/fa6' (imported as 'FaInfoCircle').

Import trace for requested module:
./src/app/(site)/transparencia/convenios/page.tsx

./src/app/(site)/transparencia/convenios/page.tsx
Attempted import error: 'FaHistory' is not exported from '__barrel_o
ptimize__?names=FaArrowRight,FaArrowTrendUp,FaBuilding,FaBuildingCol
umns,FaCheckCircle,FaFileLines,FaFileSignature,FaHandshake,FaHistory
,FaInfoCircle,FaLayerGroup,FaMagnifyingGlass,FaShieldHalved,FaSpinne
r,FaTimesCircle!=!react-icons/fa6' (imported as 'FaHistory').

Import trace for requested module:
./src/app/(site)/transparencia/convenios/page.tsx

./src/app/(site)/transparencia/diarias/page.tsx
Attempted import error: 'FaInfoCircle' is not exported from '__barre
l_optimize__?names=FaArrowRight,FaBuildingColumns,FaCalendarAlt,FaCi
rcleCheck,FaFileSignature,FaFilter,FaInfoCircle,FaMagnifyingGlass,Fa
MapMarkerAlt,FaPlaneDeparture,FaSpinner,FaSuitcaseRolling,FaUserTie!
=!react-icons/fa6' (imported as 'FaInfoCircle').

Import trace for requested module:
./src/app/(site)/transparencia/diarias/page.tsx

./src/app/(site)/transparencia/diarias/page.tsx
Attempted import error: 'FaMapMarkerAlt' is not exported from '__bar
rel_optimize__?names=FaArrowRight,FaBuildingColumns,FaCalendarAlt,Fa
CircleCheck,FaFileSignature,FaFilter,FaInfoCircle,FaMagnifyingGlass,
FaMapMarkerAlt,FaPlaneDeparture,FaSpinner,FaSuitcaseRolling,FaUserTi
e!=!react-icons/fa6' (imported as 'FaMapMarkerAlt').

Import trace for requested module:
./src/app/(site)/transparencia/diarias/page.tsx

./src/app/(site)/transparencia/diarias/page.tsx
Attempted import error: 'FaCalendarAlt' is not exported from '__barr
el_optimize__?names=FaArrowRight,FaBuildingColumns,FaCalendarAlt,FaC
ircleCheck,FaFileSignature,FaFilter,FaInfoCircle,FaMagnifyingGlass,F
aMapMarkerAlt,FaPlaneDeparture,FaSpinner,FaSuitcaseRolling,FaUserTie
!=!react-icons/fa6' (imported as 'FaCalendarAlt').

Import trace for requested module:
./src/app/(site)/transparencia/diarias/page.tsx

./src/app/(site)/transparencia/emendas/EmendasClientPage.tsx
Attempted import error: 'FaTimes' is not exported from '__barrel_opt
imize__?names=FaBuildingColumns,FaCalendarAlt,FaChevronRight,FaDownl
oad,FaExternalLinkAlt,FaFileInvoiceDollar,FaFilter,FaSearch,FaTags,F
aTimes,FaUserTie!=!react-icons/fa6' (imported as 'FaTimes').

Import trace for requested module:
./src/app/(site)/transparencia/emendas/EmendasClientPage.tsx

./src/app/(site)/transparencia/emendas/EmendasClientPage.tsx
Attempted import error: 'FaCalendarAlt' is not exported from '__barr
el_optimize__?names=FaBuildingColumns,FaCalendarAlt,FaChevronRight,F
aDownload,FaExternalLinkAlt,FaFileInvoiceDollar,FaFilter,FaSearch,Fa
Tags,FaTimes,FaUserTie!=!react-icons/fa6' (imported as 
'FaCalendarAlt').

Import trace for requested module:
./src/app/(site)/transparencia/emendas/EmendasClientPage.tsx

./src/app/(site)/transparencia/emendas/EmendasClientPage.tsx
Attempted import error: 'FaExternalLinkAlt' is not exported from '__
barrel_optimize__?names=FaBuildingColumns,FaCalendarAlt,FaChevronRig
ht,FaDownload,FaExternalLinkAlt,FaFileInvoiceDollar,FaFilter,FaSearc
h,FaTags,FaTimes,FaUserTie!=!react-icons/fa6' (imported as 
'FaExternalLinkAlt').

Import trace for requested module:
./src/app/(site)/transparencia/emendas/EmendasClientPage.tsx

./src/app/(site)/transparencia/emendas/EmendasClientPage.tsx
Attempted import error: 'FaSearch' is not exported from '__barrel_op
timize__?names=FaBuildingColumns,FaCalendarAlt,FaChevronRight,FaDown
load,FaExternalLinkAlt,FaFileInvoiceDollar,FaFilter,FaSearch,FaTags,
FaTimes,FaUserTie!=!react-icons/fa6' (imported as 'FaSearch').

Import trace for requested module:
./src/app/(site)/transparencia/emendas/EmendasClientPage.tsx

./src/app/(site)/transparencia/emendas/EmendasClientPage.tsx
Attempted import error: 'FaTimes' is not exported from '__barrel_opt
imize__?names=FaBuildingColumns,FaCalendarAlt,FaChevronRight,FaDownl
oad,FaExternalLinkAlt,FaFileInvoiceDollar,FaFilter,FaSearch,FaTags,F
aTimes,FaUserTie!=!react-icons/fa6' (imported as 'FaTimes').

Import trace for requested module:
./src/app/(site)/transparencia/emendas/EmendasClientPage.tsx

./src/app/(site)/transparencia/emendas/EmendasClientPage.tsx
Attempted import error: 'FaSearch' is not exported from '__barrel_op
timize__?names=FaBuildingColumns,FaCalendarAlt,FaChevronRight,FaDown
load,FaExternalLinkAlt,FaFileInvoiceDollar,FaFilter,FaSearch,FaTags,
FaTimes,FaUserTie!=!react-icons/fa6' (imported as 'FaSearch').

Import trace for requested module:
./src/app/(site)/transparencia/emendas/EmendasClientPage.tsx

./src/app/(site)/transparencia/integridade/page.tsx
Attempted import error: 'FaShieldAlt' is not exported from '__barrel
_optimize__?names=FaBolt,FaCircleCheck,FaClockRotateLeft,FaExternalL
inkAlt,FaFeatherPointed,FaFileAlt,FaFileSignature,FaGavel,FaGlobeAme
ricas,FaSearch,FaShieldAlt,FaShieldHalved,FaUsers!=!react-icons/fa6'
 (imported as 'FaShieldAlt').

Import trace for requested module:
./src/app/(site)/transparencia/integridade/page.tsx

./src/app/(site)/transparencia/integridade/page.tsx
Attempted import error: 'FaSearch' is not exported from '__barrel_op
timize__?names=FaBolt,FaCircleCheck,FaClockRotateLeft,FaExternalLink
Alt,FaFeatherPointed,FaFileAlt,FaFileSignature,FaGavel,FaGlobeAmeric
as,FaSearch,FaShieldAlt,FaShieldHalved,FaUsers!=!react-icons/fa6' 
(imported as 'FaSearch').

Import trace for requested module:
./src/app/(site)/transparencia/integridade/page.tsx

./src/app/(site)/transparencia/integridade/page.tsx
Attempted import error: 'FaFileAlt' is not exported from '__barrel_o
ptimize__?names=FaBolt,FaCircleCheck,FaClockRotateLeft,FaExternalLin
kAlt,FaFeatherPointed,FaFileAlt,FaFileSignature,FaGavel,FaGlobeAmeri
cas,FaSearch,FaShieldAlt,FaShieldHalved,FaUsers!=!react-icons/fa6' 
(imported as 'FaFileAlt').

Import trace for requested module:
./src/app/(site)/transparencia/integridade/page.tsx

./src/app/(site)/transparencia/integridade/page.tsx
Attempted import error: 'FaGlobeAmericas' is not exported from '__ba
rrel_optimize__?names=FaBolt,FaCircleCheck,FaClockRotateLeft,FaExter
nalLinkAlt,FaFeatherPointed,FaFileAlt,FaFileSignature,FaGavel,FaGlob
eAmericas,FaSearch,FaShieldAlt,FaShieldHalved,FaUsers!=!react-icons/
fa6' (imported as 'FaGlobeAmericas').

Import trace for requested module:
./src/app/(site)/transparencia/integridade/page.tsx

./src/app/(site)/transparencia/integridade/page.tsx
Attempted import error: 'FaShieldAlt' is not exported from '__barrel
_optimize__?names=FaBolt,FaCircleCheck,FaClockRotateLeft,FaExternalL
inkAlt,FaFeatherPointed,FaFileAlt,FaFileSignature,FaGavel,FaGlobeAme
ricas,FaSearch,FaShieldAlt,FaShieldHalved,FaUsers!=!react-icons/fa6'
 (imported as 'FaShieldAlt').

Import trace for requested module:
./src/app/(site)/transparencia/integridade/page.tsx

./src/app/(site)/transparencia/integridade/page.tsx
Attempted import error: 'FaExternalLinkAlt' is not exported from '__
barrel_optimize__?names=FaBolt,FaCircleCheck,FaClockRotateLeft,FaExt
ernalLinkAlt,FaFeatherPointed,FaFileAlt,FaFileSignature,FaGavel,FaGl
obeAmericas,FaSearch,FaShieldAlt,FaShieldHalved,FaUsers!=!react-icon
s/fa6' (imported as 'FaExternalLinkAlt').

Import trace for requested module:
./src/app/(site)/transparencia/integridade/page.tsx

./src/app/(site)/transparencia/legislacao/_LegislacaoClient.tsx
Attempted import error: 'FaFileAlt' is not exported from '__barrel_o
ptimize__?names=FaArrowRight,FaCalendarAlt,FaDownload,FaFileAlt,FaFi
leSignature,FaGavel,FaMagnifyingGlass,FaRegFileLines,FaScaleBalanced
,FaScroll,FaSpinner!=!react-icons/fa6' (imported as 'FaFileAlt').

Import trace for requested module:
./src/app/(site)/transparencia/legislacao/_LegislacaoClient.tsx

./src/app/(site)/transparencia/legislacao/_LegislacaoClient.tsx
Attempted import error: 'FaCalendarAlt' is not exported from '__barr
el_optimize__?names=FaArrowRight,FaCalendarAlt,FaDownload,FaFileAlt,
FaFileSignature,FaGavel,FaMagnifyingGlass,FaRegFileLines,FaScaleBala
nced,FaScroll,FaSpinner!=!react-icons/fa6' (imported as 
'FaCalendarAlt').

Import trace for requested module:
./src/app/(site)/transparencia/legislacao/_LegislacaoClient.tsx

./src/app/(site)/transparencia/licitacoes/_LicitacoesClient.tsx
Attempted import error: 'FaCheckCircle' is not exported from '__barr
el_optimize__?names=FaArrowRight,FaBan,FaBolt,FaBriefcase,FaBuilding
Columns,FaCheckCircle,FaCircleExclamation,FaClock,FaFileContract,FaF
ileLines,FaGavel,FaMagnifyingGlass,FaRegCalendarAlt,FaRotateH,FaShie
ldHalved,FaSpinner!=!react-icons/fa6' (imported as 'FaCheckCircle').

Import trace for requested module:
./src/app/(site)/transparencia/licitacoes/_LicitacoesClient.tsx

./src/app/(site)/transparencia/licitacoes/_LicitacoesClient.tsx
Attempted import error: 'FaCheckCircle' is not exported from '__barr
el_optimize__?names=FaArrowRight,FaBan,FaBolt,FaBriefcase,FaBuilding
Columns,FaCheckCircle,FaCircleExclamation,FaClock,FaFileContract,FaF
ileLines,FaGavel,FaMagnifyingGlass,FaRegCalendarAlt,FaRotateH,FaShie
ldHalved,FaSpinner!=!react-icons/fa6' (imported as 'FaCheckCircle').

Import trace for requested module:
./src/app/(site)/transparencia/licitacoes/_LicitacoesClient.tsx

./src/app/(site)/transparencia/licitacoes/_LicitacoesClient.tsx
Attempted import error: 'FaRotateH' is not exported from '__barrel_o
ptimize__?names=FaArrowRight,FaBan,FaBolt,FaBriefcase,FaBuildingColu
mns,FaCheckCircle,FaCircleExclamation,FaClock,FaFileContract,FaFileL
ines,FaGavel,FaMagnifyingGlass,FaRegCalendarAlt,FaRotateH,FaShieldHa
lved,FaSpinner!=!react-icons/fa6' (imported as 'FaRotateH').

Import trace for requested module:
./src/app/(site)/transparencia/licitacoes/_LicitacoesClient.tsx

./src/app/(site)/transparencia/licitacoes/_LicitacoesClient.tsx
Attempted import error: 'FaCheckCircle' is not exported from '__barr
el_optimize__?names=FaArrowRight,FaBan,FaBolt,FaBriefcase,FaBuilding
Columns,FaCheckCircle,FaCircleExclamation,FaClock,FaFileContract,FaF
ileLines,FaGavel,FaMagnifyingGlass,FaRegCalendarAlt,FaRotateH,FaShie
ldHalved,FaSpinner!=!react-icons/fa6' (imported as 'FaCheckCircle').

Import trace for requested module:
./src/app/(site)/transparencia/licitacoes/_LicitacoesClient.tsx

./src/app/(site)/transparencia/licitacoes/_LicitacoesClient.tsx
Attempted import error: 'FaRegCalendarAlt' is not exported from '__b
arrel_optimize__?names=FaArrowRight,FaBan,FaBolt,FaBriefcase,FaBuild
ingColumns,FaCheckCircle,FaCircleExclamation,FaClock,FaFileContract,
FaFileLines,FaGavel,FaMagnifyingGlass,FaRegCalendarAlt,FaRotateH,FaS
hieldHalved,FaSpinner!=!react-icons/fa6' (imported as 
'FaRegCalendarAlt').

Import trace for requested module:
./src/app/(site)/transparencia/licitacoes/_LicitacoesClient.tsx

./src/app/(site)/transparencia/licitacoes/_LicitacoesClient.tsx
Attempted import error: 'FaRotateH' is not exported from '__barrel_o
ptimize__?names=FaArrowRight,FaBan,FaBolt,FaBriefcase,FaBuildingColu
mns,FaCheckCircle,FaCircleExclamation,FaClock,FaFileContract,FaFileL
ines,FaGavel,FaMagnifyingGlass,FaRegCalendarAlt,FaRotateH,FaShieldHa
lved,FaSpinner!=!react-icons/fa6' (imported as 'FaRotateH').

Import trace for requested module:
./src/app/(site)/transparencia/licitacoes/_LicitacoesClient.tsx

./src/app/(site)/transparencia/obras/page.tsx
Attempted import error: 'FaCheckCircle' is not exported from '__barr
el_optimize__?names=FaArrowRight,FaBuilding,FaCalendarAlt,FaChartLin
e,FaCheckCircle,FaExclamationTriangle,FaHammer,FaHardHat,FaImage,FaM
agnifyingGlass,FaMapMarkerAlt,FaSpinner!=!react-icons/fa6' 
(imported as 'FaCheckCircle').

Import trace for requested module:
./src/app/(site)/transparencia/obras/page.tsx

./src/app/(site)/transparencia/obras/page.tsx
Attempted import error: 'FaHardHat' is not exported from '__barrel_o
ptimize__?names=FaArrowRight,FaBuilding,FaCalendarAlt,FaChartLine,Fa
CheckCircle,FaExclamationTriangle,FaHammer,FaHardHat,FaImage,FaMagni
fyingGlass,FaMapMarkerAlt,FaSpinner!=!react-icons/fa6' (imported as 
'FaHardHat').

Import trace for requested module:
./src/app/(site)/transparencia/obras/page.tsx

./src/app/(site)/transparencia/obras/page.tsx
Attempted import error: 'FaExclamationTriangle' is not exported 
from '__barrel_optimize__?names=FaArrowRight,FaBuilding,FaCalendarAl
t,FaChartLine,FaCheckCircle,FaExclamationTriangle,FaHammer,FaHardHat
,FaImage,FaMagnifyingGlass,FaMapMarkerAlt,FaSpinner!=!react-icons/fa
6' (imported as 'FaExclamationTriangle').

Import trace for requested module:
./src/app/(site)/transparencia/obras/page.tsx

./src/app/(site)/transparencia/obras/page.tsx
Attempted import error: 'FaHardHat' is not exported from '__barrel_o
ptimize__?names=FaArrowRight,FaBuilding,FaCalendarAlt,FaChartLine,Fa
CheckCircle,FaExclamationTriangle,FaHammer,FaHardHat,FaImage,FaMagni
fyingGlass,FaMapMarkerAlt,FaSpinner!=!react-icons/fa6' (imported as 
'FaHardHat').

Import trace for requested module:
./src/app/(site)/transparencia/obras/page.tsx

./src/app/(site)/transparencia/obras/page.tsx
Attempted import error: 'FaMapMarkerAlt' is not exported from '__bar
rel_optimize__?names=FaArrowRight,FaBuilding,FaCalendarAlt,FaChartLi
ne,FaCheckCircle,FaExclamationTriangle,FaHammer,FaHardHat,FaImage,Fa
MagnifyingGlass,FaMapMarkerAlt,FaSpinner!=!react-icons/fa6' 
(imported as 'FaMapMarkerAlt').

Import trace for requested module:
./src/app/(site)/transparencia/obras/page.tsx

./src/app/(site)/transparencia/obras/page.tsx
Attempted import error: 'FaCalendarAlt' is not exported from '__barr
el_optimize__?names=FaArrowRight,FaBuilding,FaCalendarAlt,FaChartLin
e,FaCheckCircle,FaExclamationTriangle,FaHammer,FaHardHat,FaImage,FaM
agnifyingGlass,FaMapMarkerAlt,FaSpinner!=!react-icons/fa6' 
(imported as 'FaCalendarAlt').

Import trace for requested module:
./src/app/(site)/transparencia/obras/page.tsx

./src/app/(site)/transparencia/obras/page.tsx
Attempted import error: 'FaMapMarkerAlt' is not exported from '__bar
rel_optimize__?names=FaArrowRight,FaBuilding,FaCalendarAlt,FaChartLi
ne,FaCheckCircle,FaExclamationTriangle,FaHammer,FaHardHat,FaImage,Fa
MagnifyingGlass,FaMapMarkerAlt,FaSpinner!=!react-icons/fa6' 
(imported as 'FaMapMarkerAlt').

Import trace for requested module:
./src/app/(site)/transparencia/obras/page.tsx

./src/app/(site)/transparencia/receitas/_ReceitasClient.tsx
Attempted import error: 'FaHistory' is not exported from '__barrel_o
ptimize__?names=FaArrowTrendUp,FaBuildingColumns,FaChartLine,FaCircl
eCheck,FaCircleInfo,FaCoins,FaDownload,FaFilter,FaHistory,FaMagnifyi
ngGlass,FaSpinner,FaTable,FaWallet!=!react-icons/fa6' (imported as 
'FaHistory').

Import trace for requested module:
./src/app/(site)/transparencia/receitas/_ReceitasClient.tsx

./src/app/(site)/transparencia/renuncias-fiscais/page.tsx
Attempted import error: 'FaInfoCircle' is not exported from '__barre
l_optimize__?names=FaArrowRight,FaChartLine,FaClockRotateLeft,FaCoin
s,FaDownload,FaExternalLinkAlt,FaFileAlt,FaHandHoldingDollar,FaInfoC
ircle,FaShieldHalved!=!react-icons/fa6' (imported as 
'FaInfoCircle').

Import trace for requested module:
./src/app/(site)/transparencia/renuncias-fiscais/page.tsx

./src/app/(site)/transparencia/renuncias-fiscais/page.tsx
Attempted import error: 'FaFileAlt' is not exported from '__barrel_o
ptimize__?names=FaArrowRight,FaChartLine,FaClockRotateLeft,FaCoins,F
aDownload,FaExternalLinkAlt,FaFileAlt,FaHandHoldingDollar,FaInfoCirc
le,FaShieldHalved!=!react-icons/fa6' (imported as 'FaFileAlt').

Import trace for requested module:
./src/app/(site)/transparencia/renuncias-fiscais/page.tsx

./src/app/(site)/transparencia/renuncias-fiscais/page.tsx
Attempted import error: 'FaFileAlt' is not exported from '__barrel_o
ptimize__?names=FaArrowRight,FaChartLine,FaClockRotateLeft,FaCoins,F
aDownload,FaExternalLinkAlt,FaFileAlt,FaHandHoldingDollar,FaInfoCirc
le,FaShieldHalved!=!react-icons/fa6' (imported as 'FaFileAlt').

Import trace for requested module:
./src/app/(site)/transparencia/renuncias-fiscais/page.tsx

./src/app/(site)/transparencia/renuncias-fiscais/page.tsx
Attempted import error: 'FaExternalLinkAlt' is not exported from '__
barrel_optimize__?names=FaArrowRight,FaChartLine,FaClockRotateLeft,F
aCoins,FaDownload,FaExternalLinkAlt,FaFileAlt,FaHandHoldingDollar,Fa
InfoCircle,FaShieldHalved!=!react-icons/fa6' (imported as 
'FaExternalLinkAlt').

Import trace for requested module:
./src/app/(site)/transparencia/renuncias-fiscais/page.tsx

./src/app/(site)/transparencia/servidores/folha-pagamento/page.tsx
Attempted import error: 'FaMoneyCheckAlt' is not exported from '__ba
rrel_optimize__?names=FaBuilding,FaBuildingColumns,FaCircleCheck,FaC
lockRotateLeft,FaCoins,FaDownload,FaFilter,FaMagnifyingGlass,FaMoney
CheckAlt,FaShieldHalved,FaSpinner,FaUserTie!=!react-icons/fa6' 
(imported as 'FaMoneyCheckAlt').

Import trace for requested module:
./src/app/(site)/transparencia/servidores/folha-pagamento/page.tsx

./src/app/(site)/transparencia/servidores/page.tsx
Attempted import error: 'FaInfoCircle' is not exported from '__barre
l_optimize__?names=FaArrowRight,FaBuildingUser,FaChevronRight,FaCirc
leCheck,FaFileInvoiceDollar,FaInfoCircle,FaMoneyBillWave,FaTable,FaU
serGroup,FaUserTie,FaUsers!=!react-icons/fa6' (imported as 
'FaInfoCircle').

Import trace for requested module:
./src/app/(site)/transparencia/servidores/page.tsx

./src/app/(site)/transparencia/transferencias/page.tsx
Attempted import error: 'FaExchangeAlt' is not exported from '__barr
el_optimize__?names=FaArrowRight,FaBuilding,FaExchangeAlt,FaExternal
LinkAlt,FaGlobeAmericas,FaHospital,FaInfoCircle,FaMoneyCheckAlt,FaSc
hool,FaShieldHalved,FaSync!=!react-icons/fa6' (imported as 
'FaExchangeAlt').

Import trace for requested module:
./src/app/(site)/transparencia/transferencias/page.tsx

./src/app/(site)/transparencia/transferencias/page.tsx
Attempted import error: 'FaGlobeAmericas' is not exported from '__ba
rrel_optimize__?names=FaArrowRight,FaBuilding,FaExchangeAlt,FaExtern
alLinkAlt,FaGlobeAmericas,FaHospital,FaInfoCircle,FaMoneyCheckAlt,Fa
School,FaShieldHalved,FaSync!=!react-icons/fa6' (imported as 
'FaGlobeAmericas').

Import trace for requested module:
./src/app/(site)/transparencia/transferencias/page.tsx

./src/app/(site)/transparencia/transferencias/page.tsx
Attempted import error: 'FaExchangeAlt' is not exported from '__barr
el_optimize__?names=FaArrowRight,FaBuilding,FaExchangeAlt,FaExternal
LinkAlt,FaGlobeAmericas,FaHospital,FaInfoCircle,FaMoneyCheckAlt,FaSc
hool,FaShieldHalved,FaSync!=!react-icons/fa6' (imported as 
'FaExchangeAlt').

Import trace for requested module:
./src/app/(site)/transparencia/transferencias/page.tsx

./src/app/(site)/transparencia/transferencias/page.tsx
Attempted import error: 'FaSync' is not exported from '__barrel_opti
mize__?names=FaArrowRight,FaBuilding,FaExchangeAlt,FaExternalLinkAlt
,FaGlobeAmericas,FaHospital,FaInfoCircle,FaMoneyCheckAlt,FaSchool,Fa
ShieldHalved,FaSync!=!react-icons/fa6' (imported as 'FaSync').

Import trace for requested module:
./src/app/(site)/transparencia/transferencias/page.tsx

./src/app/(site)/transparencia/transferencias/page.tsx
Attempted import error: 'FaExternalLinkAlt' is not exported from '__
barrel_optimize__?names=FaArrowRight,FaBuilding,FaExchangeAlt,FaExte
rnalLinkAlt,FaGlobeAmericas,FaHospital,FaInfoCircle,FaMoneyCheckAlt,
FaSchool,FaShieldHalved,FaSync!=!react-icons/fa6' (imported as 
'FaExternalLinkAlt').

Import trace for requested module:
./src/app/(site)/transparencia/transferencias/page.tsx

./src/app/(site)/transparencia/transferencias/page.tsx
Attempted import error: 'FaExternalLinkAlt' is not exported from '__
barrel_optimize__?names=FaArrowRight,FaBuilding,FaExchangeAlt,FaExte
rnalLinkAlt,FaGlobeAmericas,FaHospital,FaInfoCircle,FaMoneyCheckAlt,
FaSchool,FaShieldHalved,FaSync!=!react-icons/fa6' (imported as 
'FaExternalLinkAlt').

Import trace for requested module:
./src/app/(site)/transparencia/transferencias/page.tsx

./src/app/(site)/transparencia/transferencias/page.tsx
Attempted import error: 'FaExternalLinkAlt' is not exported from '__
barrel_optimize__?names=FaArrowRight,FaBuilding,FaExchangeAlt,FaExte
rnalLinkAlt,FaGlobeAmericas,FaHospital,FaInfoCircle,FaMoneyCheckAlt,
FaSchool,FaShieldHalved,FaSync!=!react-icons/fa6' (imported as 
'FaExternalLinkAlt').

Import trace for requested module:
./src/app/(site)/transparencia/transferencias/page.tsx

./src/app/(site)/transparencia/transferencias/page.tsx
Attempted import error: 'FaMoneyCheckAlt' is not exported from '__ba
rrel_optimize__?names=FaArrowRight,FaBuilding,FaExchangeAlt,FaExtern
alLinkAlt,FaGlobeAmericas,FaHospital,FaInfoCircle,FaMoneyCheckAlt,Fa
School,FaShieldHalved,FaSync!=!react-icons/fa6' (imported as 
'FaMoneyCheckAlt').

Import trace for requested module:
./src/app/(site)/transparencia/transferencias/page.tsx

./src/app/(site)/transparencia/transferencias/page.tsx
Attempted import error: 'FaInfoCircle' is not exported from '__barre
l_optimize__?names=FaArrowRight,FaBuilding,FaExchangeAlt,FaExternalL
inkAlt,FaGlobeAmericas,FaHospital,FaInfoCircle,FaMoneyCheckAlt,FaSch
ool,FaShieldHalved,FaSync!=!react-icons/fa6' (imported as 
'FaInfoCircle').

Import trace for requested module:
./src/app/(site)/transparencia/transferencias/page.tsx

./src/components/transparencia/integracao/ListaTransferenciasFederal
.tsx
Attempted import error: 'FaCalendarAlt' is not exported from '__barr
el_optimize__?names=FaCalendarAlt,FaChartLine,FaLandmark,FaRegClock!
=!react-icons/fa6' (imported as 'FaCalendarAlt').

Import trace for requested module:
./src/components/transparencia/integracao/ListaTransferenciasFederal
.tsx
./src/app/(site)/transparencia/transferencias/page.tsx

./src/components/transparencia/integracao/ListaTransferenciasFederal
.tsx
Attempted import error: 'FaCalendarAlt' is not exported from '__barr
el_optimize__?names=FaCalendarAlt,FaChartLine,FaLandmark,FaRegClock!
=!react-icons/fa6' (imported as 'FaCalendarAlt').

Import trace for requested module:
./src/components/transparencia/integracao/ListaTransferenciasFederal
.tsx
./src/app/(site)/transparencia/transferencias/page.tsx

./src/app/(site)/transparencia/faq/page.tsx
Attempted import error: 'FaQuestionCircle' is not exported from '__b
arrel_optimize__?names=FaChevronDown,FaFileLines,FaHeadset,FaLightbu
lb,FaMagnifyingGlass,FaQuestionCircle!=!react-icons/fa6' (imported 
as 'FaQuestionCircle').

Import trace for requested module:
./src/app/(site)/transparencia/faq/page.tsx

./src/app/(site)/transparencia/faq/page.tsx
Attempted import error: 'FaQuestionCircle' is not exported from '__b
arrel_optimize__?names=FaChevronDown,FaFileLines,FaHeadset,FaLightbu
lb,FaMagnifyingGlass,FaQuestionCircle!=!react-icons/fa6' (imported 
as 'FaQuestionCircle').

Import trace for requested module:
./src/app/(site)/transparencia/faq/page.tsx

./src/app/(site)/transparencia/faq/page.tsx
Attempted import error: 'FaQuestionCircle' is not exported from '__b
arrel_optimize__?names=FaChevronDown,FaFileLines,FaHeadset,FaLightbu
lb,FaMagnifyingGlass,FaQuestionCircle!=!react-icons/fa6' (imported 
as 'FaQuestionCircle').

Import trace for requested module:
./src/app/(site)/transparencia/faq/page.tsx

./src/app/(site)/transparencia/lgpd/page.tsx
Attempted import error: 'FaShieldAlt' is not exported from '__barrel
_optimize__?names=FaBalanceScale,FaCheckCircle,FaLock,FaScaleBalance
d,FaServer,FaShieldAlt,FaUserCheck,FaUserShield!=!react-icons/fa6' 
(imported as 'FaShieldAlt').

Import trace for requested module:
./src/app/(site)/transparencia/lgpd/page.tsx

./src/app/(site)/transparencia/lgpd/page.tsx
Attempted import error: 'FaBalanceScale' is not exported from '__bar
rel_optimize__?names=FaBalanceScale,FaCheckCircle,FaLock,FaScaleBala
nced,FaServer,FaShieldAlt,FaUserCheck,FaUserShield!=!react-icons/fa6
' (imported as 'FaBalanceScale').

Import trace for requested module:
./src/app/(site)/transparencia/lgpd/page.tsx

./src/app/(site)/transparencia/lgpd/page.tsx
Attempted import error: 'FaCheckCircle' is not exported from '__barr
el_optimize__?names=FaBalanceScale,FaCheckCircle,FaLock,FaScaleBalan
ced,FaServer,FaShieldAlt,FaUserCheck,FaUserShield!=!react-icons/fa6'
 (imported as 'FaCheckCircle').

Import trace for requested module:
./src/app/(site)/transparencia/lgpd/page.tsx

./src/app/(site)/transparencia/lgpd/page.tsx
Attempted import error: 'FaCheckCircle' is not exported from '__barr
el_optimize__?names=FaBalanceScale,FaCheckCircle,FaLock,FaScaleBalan
ced,FaServer,FaShieldAlt,FaUserCheck,FaUserShield!=!react-icons/fa6'
 (imported as 'FaCheckCircle').

Import trace for requested module:
./src/app/(site)/transparencia/lgpd/page.tsx

./src/app/(site)/transparencia/lgpd/page.tsx
Attempted import error: 'FaCheckCircle' is not exported from '__barr
el_optimize__?names=FaBalanceScale,FaCheckCircle,FaLock,FaScaleBalan
ced,FaServer,FaShieldAlt,FaUserCheck,FaUserShield!=!react-icons/fa6'
 (imported as 'FaCheckCircle').

Import trace for requested module:
./src/app/(site)/transparencia/lgpd/page.tsx

 ÔÜá Compiled with warnings

./src/app/(site)/transparencia/atas-registro/_AtasRegistroClient.tsx
Attempted import error: 'FaCheckCircle' is not exported from '__barr
el_optimize__?names=FaArrowRight,FaBriefcase,FaCalendarAlt,FaCheckCi
rcle,FaDownload,FaFileSignature,FaMagnifyingGlass,FaSpinner,FaTimesC
ircle,FaWallet!=!react-icons/fa6' (imported as 'FaCheckCircle').

Import trace for requested module:
./src/app/(site)/transparencia/atas-registro/_AtasRegistroClient.tsx

./src/app/(site)/transparencia/atas-registro/_AtasRegistroClient.tsx
Attempted import error: 'FaCheckCircle' is not exported from '__barr
el_optimize__?names=FaArrowRight,FaBriefcase,FaCalendarAlt,FaCheckCi
rcle,FaDownload,FaFileSignature,FaMagnifyingGlass,FaSpinner,FaTimesC
ircle,FaWallet!=!react-icons/fa6' (imported as 'FaCheckCircle').

Import trace for requested module:
./src/app/(site)/transparencia/atas-registro/_AtasRegistroClient.tsx

./src/app/(site)/transparencia/atas-registro/_AtasRegistroClient.tsx
Attempted import error: 'FaTimesCircle' is not exported from '__barr
el_optimize__?names=FaArrowRight,FaBriefcase,FaCalendarAlt,FaCheckCi
rcle,FaDownload,FaFileSignature,FaMagnifyingGlass,FaSpinner,FaTimesC
ircle,FaWallet!=!react-icons/fa6' (imported as 'FaTimesCircle').

Import trace for requested module:
./src/app/(site)/transparencia/atas-registro/_AtasRegistroClient.tsx

./src/app/(site)/transparencia/atas-registro/_AtasRegistroClient.tsx
Attempted import error: 'FaCalendarAlt' is not exported from '__barr
el_optimize__?names=FaArrowRight,FaBriefcase,FaCalendarAlt,FaCheckCi
rcle,FaDownload,FaFileSignature,FaMagnifyingGlass,FaSpinner,FaTimesC
ircle,FaWallet!=!react-icons/fa6' (imported as 'FaCalendarAlt').

Import trace for requested module:
./src/app/(site)/transparencia/atas-registro/_AtasRegistroClient.tsx

./src/app/(site)/transparencia/contratos/page.tsx
Attempted import error: 'FaCheckCircle' is not exported from '__barr
el_optimize__?names=FaArrowRight,FaBolt,FaBriefcase,FaBuilding,FaBui
ldingColumns,FaCheckCircle,FaFileContract,FaFileLines,FaMagnifyingGl
ass,FaRegCalendarAlt,FaShieldHalved,FaSpinner,FaTimesCircle!=!react-
icons/fa6' (imported as 'FaCheckCircle').

Import trace for requested module:
./src/app/(site)/transparencia/contratos/page.tsx

./src/app/(site)/transparencia/contratos/page.tsx
Attempted import error: 'FaCheckCircle' is not exported from '__barr
el_optimize__?names=FaArrowRight,FaBolt,FaBriefcase,FaBuilding,FaBui
ldingColumns,FaCheckCircle,FaFileContract,FaFileLines,FaMagnifyingGl
ass,FaRegCalendarAlt,FaShieldHalved,FaSpinner,FaTimesCircle!=!react-
icons/fa6' (imported as 'FaCheckCircle').

Import trace for requested module:
./src/app/(site)/transparencia/contratos/page.tsx

./src/app/(site)/transparencia/contratos/page.tsx
Attempted import error: 'FaTimesCircle' is not exported from '__barr
el_optimize__?names=FaArrowRight,FaBolt,FaBriefcase,FaBuilding,FaBui
ldingColumns,FaCheckCircle,FaFileContract,FaFileLines,FaMagnifyingGl
ass,FaRegCalendarAlt,FaShieldHalved,FaSpinner,FaTimesCircle!=!react-
icons/fa6' (imported as 'FaTimesCircle').

Import trace for requested module:
./src/app/(site)/transparencia/contratos/page.tsx

./src/app/(site)/transparencia/contratos/page.tsx
Attempted import error: 'FaRegCalendarAlt' is not exported from '__b
arrel_optimize__?names=FaArrowRight,FaBolt,FaBriefcase,FaBuilding,Fa
BuildingColumns,FaCheckCircle,FaFileContract,FaFileLines,FaMagnifyin
gGlass,FaRegCalendarAlt,FaShieldHalved,FaSpinner,FaTimesCircle!=!rea
ct-icons/fa6' (imported as 'FaRegCalendarAlt').

Import trace for requested module:
./src/app/(site)/transparencia/contratos/page.tsx

./src/app/(site)/transparencia/convenios/page.tsx
Attempted import error: 'FaCheckCircle' is not exported from '__barr
el_optimize__?names=FaArrowRight,FaArrowTrendUp,FaBuilding,FaBuildin
gColumns,FaCheckCircle,FaFileLines,FaFileSignature,FaHandshake,FaHis
tory,FaInfoCircle,FaLayerGroup,FaMagnifyingGlass,FaShieldHalved,FaSp
inner,FaTimesCircle!=!react-icons/fa6' (imported as 
'FaCheckCircle').

Import trace for requested module:
./src/app/(site)/transparencia/convenios/page.tsx

./src/app/(site)/transparencia/convenios/page.tsx
Attempted import error: 'FaInfoCircle' is not exported from '__barre
l_optimize__?names=FaArrowRight,FaArrowTrendUp,FaBuilding,FaBuilding
Columns,FaCheckCircle,FaFileLines,FaFileSignature,FaHandshake,FaHist
ory,FaInfoCircle,FaLayerGroup,FaMagnifyingGlass,FaShieldHalved,FaSpi
nner,FaTimesCircle!=!react-icons/fa6' (imported as 'FaInfoCircle').

Import trace for requested module:
./src/app/(site)/transparencia/convenios/page.tsx

./src/app/(site)/transparencia/convenios/page.tsx
Attempted import error: 'FaCheckCircle' is not exported from '__barr
el_optimize__?names=FaArrowRight,FaArrowTrendUp,FaBuilding,FaBuildin
gColumns,FaCheckCircle,FaFileLines,FaFileSignature,FaHandshake,FaHis
tory,FaInfoCircle,FaLayerGroup,FaMagnifyingGlass,FaShieldHalved,FaSp
inner,FaTimesCircle!=!react-icons/fa6' (imported as 
'FaCheckCircle').

Import trace for requested module:
./src/app/(site)/transparencia/convenios/page.tsx

./src/app/(site)/transparencia/convenios/page.tsx
Attempted import error: 'FaTimesCircle' is not exported from '__barr
el_optimize__?names=FaArrowRight,FaArrowTrendUp,FaBuilding,FaBuildin
gColumns,FaCheckCircle,FaFileLines,FaFileSignature,FaHandshake,FaHis
tory,FaInfoCircle,FaLayerGroup,FaMagnifyingGlass,FaShieldHalved,FaSp
inner,FaTimesCircle!=!react-icons/fa6' (imported as 
'FaTimesCircle').

Import trace for requested module:
./src/app/(site)/transparencia/convenios/page.tsx

./src/app/(site)/transparencia/convenios/page.tsx
Attempted import error: 'FaInfoCircle' is not exported from '__barre
l_optimize__?names=FaArrowRight,FaArrowTrendUp,FaBuilding,FaBuilding
Columns,FaCheckCircle,FaFileLines,FaFileSignature,FaHandshake,FaHist
ory,FaInfoCircle,FaLayerGroup,FaMagnifyingGlass,FaShieldHalved,FaSpi
nner,FaTimesCircle!=!react-icons/fa6' (imported as 'FaInfoCircle').

Import trace for requested module:
./src/app/(site)/transparencia/convenios/page.tsx

./src/app/(site)/transparencia/convenios/page.tsx
Attempted import error: 'FaHistory' is not exported from '__barrel_o
ptimize__?names=FaArrowRight,FaArrowTrendUp,FaBuilding,FaBuildingCol
umns,FaCheckCircle,FaFileLines,FaFileSignature,FaHandshake,FaHistory
,FaInfoCircle,FaLayerGroup,FaMagnifyingGlass,FaShieldHalved,FaSpinne
r,FaTimesCircle!=!react-icons/fa6' (imported as 'FaHistory').

Import trace for requested module:
./src/app/(site)/transparencia/convenios/page.tsx

./src/app/(site)/transparencia/diarias/page.tsx
Attempted import error: 'FaInfoCircle' is not exported from '__barre
l_optimize__?names=FaArrowRight,FaBuildingColumns,FaCalendarAlt,FaCi
rcleCheck,FaFileSignature,FaFilter,FaInfoCircle,FaMagnifyingGlass,Fa
MapMarkerAlt,FaPlaneDeparture,FaSpinner,FaSuitcaseRolling,FaUserTie!
=!react-icons/fa6' (imported as 'FaInfoCircle').

Import trace for requested module:
./src/app/(site)/transparencia/diarias/page.tsx

./src/app/(site)/transparencia/diarias/page.tsx
Attempted import error: 'FaMapMarkerAlt' is not exported from '__bar
rel_optimize__?names=FaArrowRight,FaBuildingColumns,FaCalendarAlt,Fa
CircleCheck,FaFileSignature,FaFilter,FaInfoCircle,FaMagnifyingGlass,
FaMapMarkerAlt,FaPlaneDeparture,FaSpinner,FaSuitcaseRolling,FaUserTi
e!=!react-icons/fa6' (imported as 'FaMapMarkerAlt').

Import trace for requested module:
./src/app/(site)/transparencia/diarias/page.tsx

./src/app/(site)/transparencia/diarias/page.tsx
Attempted import error: 'FaCalendarAlt' is not exported from '__barr
el_optimize__?names=FaArrowRight,FaBuildingColumns,FaCalendarAlt,FaC
ircleCheck,FaFileSignature,FaFilter,FaInfoCircle,FaMagnifyingGlass,F
aMapMarkerAlt,FaPlaneDeparture,FaSpinner,FaSuitcaseRolling,FaUserTie
!=!react-icons/fa6' (imported as 'FaCalendarAlt').

Import trace for requested module:
./src/app/(site)/transparencia/diarias/page.tsx

./src/app/(site)/transparencia/emendas/EmendasClientPage.tsx
Attempted import error: 'FaTimes' is not exported from '__barrel_opt
imize__?names=FaBuildingColumns,FaCalendarAlt,FaChevronRight,FaDownl
oad,FaExternalLinkAlt,FaFileInvoiceDollar,FaFilter,FaSearch,FaTags,F
aTimes,FaUserTie!=!react-icons/fa6' (imported as 'FaTimes').

Import trace for requested module:
./src/app/(site)/transparencia/emendas/EmendasClientPage.tsx

./src/app/(site)/transparencia/emendas/EmendasClientPage.tsx
Attempted import error: 'FaCalendarAlt' is not exported from '__barr
el_optimize__?names=FaBuildingColumns,FaCalendarAlt,FaChevronRight,F
aDownload,FaExternalLinkAlt,FaFileInvoiceDollar,FaFilter,FaSearch,Fa
Tags,FaTimes,FaUserTie!=!react-icons/fa6' (imported as 
'FaCalendarAlt').

Import trace for requested module:
./src/app/(site)/transparencia/emendas/EmendasClientPage.tsx

./src/app/(site)/transparencia/emendas/EmendasClientPage.tsx
Attempted import error: 'FaExternalLinkAlt' is not exported from '__
barrel_optimize__?names=FaBuildingColumns,FaCalendarAlt,FaChevronRig
ht,FaDownload,FaExternalLinkAlt,FaFileInvoiceDollar,FaFilter,FaSearc
h,FaTags,FaTimes,FaUserTie!=!react-icons/fa6' (imported as 
'FaExternalLinkAlt').

Import trace for requested module:
./src/app/(site)/transparencia/emendas/EmendasClientPage.tsx

./src/app/(site)/transparencia/emendas/EmendasClientPage.tsx
Attempted import error: 'FaSearch' is not exported from '__barrel_op
timize__?names=FaBuildingColumns,FaCalendarAlt,FaChevronRight,FaDown
load,FaExternalLinkAlt,FaFileInvoiceDollar,FaFilter,FaSearch,FaTags,
FaTimes,FaUserTie!=!react-icons/fa6' (imported as 'FaSearch').

Import trace for requested module:
./src/app/(site)/transparencia/emendas/EmendasClientPage.tsx

./src/app/(site)/transparencia/emendas/EmendasClientPage.tsx
Attempted import error: 'FaTimes' is not exported from '__barrel_opt
imize__?names=FaBuildingColumns,FaCalendarAlt,FaChevronRight,FaDownl
oad,FaExternalLinkAlt,FaFileInvoiceDollar,FaFilter,FaSearch,FaTags,F
aTimes,FaUserTie!=!react-icons/fa6' (imported as 'FaTimes').

Import trace for requested module:
./src/app/(site)/transparencia/emendas/EmendasClientPage.tsx

./src/app/(site)/transparencia/emendas/EmendasClientPage.tsx
Attempted import error: 'FaSearch' is not exported from '__barrel_op
timize__?names=FaBuildingColumns,FaCalendarAlt,FaChevronRight,FaDown
load,FaExternalLinkAlt,FaFileInvoiceDollar,FaFilter,FaSearch,FaTags,
FaTimes,FaUserTie!=!react-icons/fa6' (imported as 'FaSearch').

Import trace for requested module:
./src/app/(site)/transparencia/emendas/EmendasClientPage.tsx

./src/app/(site)/transparencia/integridade/page.tsx
Attempted import error: 'FaShieldAlt' is not exported from '__barrel
_optimize__?names=FaBolt,FaCircleCheck,FaClockRotateLeft,FaExternalL
inkAlt,FaFeatherPointed,FaFileAlt,FaFileSignature,FaGavel,FaGlobeAme
ricas,FaSearch,FaShieldAlt,FaShieldHalved,FaUsers!=!react-icons/fa6'
 (imported as 'FaShieldAlt').

Import trace for requested module:
./src/app/(site)/transparencia/integridade/page.tsx

./src/app/(site)/transparencia/integridade/page.tsx
Attempted import error: 'FaSearch' is not exported from '__barrel_op
timize__?names=FaBolt,FaCircleCheck,FaClockRotateLeft,FaExternalLink
Alt,FaFeatherPointed,FaFileAlt,FaFileSignature,FaGavel,FaGlobeAmeric
as,FaSearch,FaShieldAlt,FaShieldHalved,FaUsers!=!react-icons/fa6' 
(imported as 'FaSearch').

Import trace for requested module:
./src/app/(site)/transparencia/integridade/page.tsx

./src/app/(site)/transparencia/integridade/page.tsx
Attempted import error: 'FaFileAlt' is not exported from '__barrel_o
ptimize__?names=FaBolt,FaCircleCheck,FaClockRotateLeft,FaExternalLin
kAlt,FaFeatherPointed,FaFileAlt,FaFileSignature,FaGavel,FaGlobeAmeri
cas,FaSearch,FaShieldAlt,FaShieldHalved,FaUsers!=!react-icons/fa6' 
(imported as 'FaFileAlt').

Import trace for requested module:
./src/app/(site)/transparencia/integridade/page.tsx

./src/app/(site)/transparencia/integridade/page.tsx
Attempted import error: 'FaGlobeAmericas' is not exported from '__ba
rrel_optimize__?names=FaBolt,FaCircleCheck,FaClockRotateLeft,FaExter
nalLinkAlt,FaFeatherPointed,FaFileAlt,FaFileSignature,FaGavel,FaGlob
eAmericas,FaSearch,FaShieldAlt,FaShieldHalved,FaUsers!=!react-icons/
fa6' (imported as 'FaGlobeAmericas').

Import trace for requested module:
./src/app/(site)/transparencia/integridade/page.tsx

./src/app/(site)/transparencia/integridade/page.tsx
Attempted import error: 'FaShieldAlt' is not exported from '__barrel
_optimize__?names=FaBolt,FaCircleCheck,FaClockRotateLeft,FaExternalL
inkAlt,FaFeatherPointed,FaFileAlt,FaFileSignature,FaGavel,FaGlobeAme
ricas,FaSearch,FaShieldAlt,FaShieldHalved,FaUsers!=!react-icons/fa6'
 (imported as 'FaShieldAlt').

Import trace for requested module:
./src/app/(site)/transparencia/integridade/page.tsx

./src/app/(site)/transparencia/integridade/page.tsx
Attempted import error: 'FaExternalLinkAlt' is not exported from '__
barrel_optimize__?names=FaBolt,FaCircleCheck,FaClockRotateLeft,FaExt
ernalLinkAlt,FaFeatherPointed,FaFileAlt,FaFileSignature,FaGavel,FaGl
obeAmericas,FaSearch,FaShieldAlt,FaShieldHalved,FaUsers!=!react-icon
s/fa6' (imported as 'FaExternalLinkAlt').

Import trace for requested module:
./src/app/(site)/transparencia/integridade/page.tsx

./src/app/(site)/transparencia/legislacao/_LegislacaoClient.tsx
Attempted import error: 'FaFileAlt' is not exported from '__barrel_o
ptimize__?names=FaArrowRight,FaCalendarAlt,FaDownload,FaFileAlt,FaFi
leSignature,FaGavel,FaMagnifyingGlass,FaRegFileLines,FaScaleBalanced
,FaScroll,FaSpinner!=!react-icons/fa6' (imported as 'FaFileAlt').

Import trace for requested module:
./src/app/(site)/transparencia/legislacao/_LegislacaoClient.tsx

./src/app/(site)/transparencia/legislacao/_LegislacaoClient.tsx
Attempted import error: 'FaCalendarAlt' is not exported from '__barr
el_optimize__?names=FaArrowRight,FaCalendarAlt,FaDownload,FaFileAlt,
FaFileSignature,FaGavel,FaMagnifyingGlass,FaRegFileLines,FaScaleBala
nced,FaScroll,FaSpinner!=!react-icons/fa6' (imported as 
'FaCalendarAlt').

Import trace for requested module:
./src/app/(site)/transparencia/legislacao/_LegislacaoClient.tsx

./src/app/(site)/transparencia/licitacoes/_LicitacoesClient.tsx
Attempted import error: 'FaCheckCircle' is not exported from '__barr
el_optimize__?names=FaArrowRight,FaBan,FaBolt,FaBriefcase,FaBuilding
Columns,FaCheckCircle,FaCircleExclamation,FaClock,FaFileContract,FaF
ileLines,FaGavel,FaMagnifyingGlass,FaRegCalendarAlt,FaRotateH,FaShie
ldHalved,FaSpinner!=!react-icons/fa6' (imported as 'FaCheckCircle').

Import trace for requested module:
./src/app/(site)/transparencia/licitacoes/_LicitacoesClient.tsx

./src/app/(site)/transparencia/licitacoes/_LicitacoesClient.tsx
Attempted import error: 'FaCheckCircle' is not exported from '__barr
el_optimize__?names=FaArrowRight,FaBan,FaBolt,FaBriefcase,FaBuilding
Columns,FaCheckCircle,FaCircleExclamation,FaClock,FaFileContract,FaF
ileLines,FaGavel,FaMagnifyingGlass,FaRegCalendarAlt,FaRotateH,FaShie
ldHalved,FaSpinner!=!react-icons/fa6' (imported as 'FaCheckCircle').

Import trace for requested module:
./src/app/(site)/transparencia/licitacoes/_LicitacoesClient.tsx

./src/app/(site)/transparencia/licitacoes/_LicitacoesClient.tsx
Attempted import error: 'FaRotateH' is not exported from '__barrel_o
ptimize__?names=FaArrowRight,FaBan,FaBolt,FaBriefcase,FaBuildingColu
mns,FaCheckCircle,FaCircleExclamation,FaClock,FaFileContract,FaFileL
ines,FaGavel,FaMagnifyingGlass,FaRegCalendarAlt,FaRotateH,FaShieldHa
lved,FaSpinner!=!react-icons/fa6' (imported as 'FaRotateH').

Import trace for requested module:
./src/app/(site)/transparencia/licitacoes/_LicitacoesClient.tsx

./src/app/(site)/transparencia/licitacoes/_LicitacoesClient.tsx
Attempted import error: 'FaCheckCircle' is not exported from '__barr
el_optimize__?names=FaArrowRight,FaBan,FaBolt,FaBriefcase,FaBuilding
Columns,FaCheckCircle,FaCircleExclamation,FaClock,FaFileContract,FaF
ileLines,FaGavel,FaMagnifyingGlass,FaRegCalendarAlt,FaRotateH,FaShie
ldHalved,FaSpinner!=!react-icons/fa6' (imported as 'FaCheckCircle').

Import trace for requested module:
./src/app/(site)/transparencia/licitacoes/_LicitacoesClient.tsx

./src/app/(site)/transparencia/licitacoes/_LicitacoesClient.tsx
Attempted import error: 'FaRegCalendarAlt' is not exported from '__b
arrel_optimize__?names=FaArrowRight,FaBan,FaBolt,FaBriefcase,FaBuild
ingColumns,FaCheckCircle,FaCircleExclamation,FaClock,FaFileContract,
FaFileLines,FaGavel,FaMagnifyingGlass,FaRegCalendarAlt,FaRotateH,FaS
hieldHalved,FaSpinner!=!react-icons/fa6' (imported as 
'FaRegCalendarAlt').

Import trace for requested module:
./src/app/(site)/transparencia/licitacoes/_LicitacoesClient.tsx

./src/app/(site)/transparencia/licitacoes/_LicitacoesClient.tsx
Attempted import error: 'FaRotateH' is not exported from '__barrel_o
ptimize__?names=FaArrowRight,FaBan,FaBolt,FaBriefcase,FaBuildingColu
mns,FaCheckCircle,FaCircleExclamation,FaClock,FaFileContract,FaFileL
ines,FaGavel,FaMagnifyingGlass,FaRegCalendarAlt,FaRotateH,FaShieldHa
lved,FaSpinner!=!react-icons/fa6' (imported as 'FaRotateH').

Import trace for requested module:
./src/app/(site)/transparencia/licitacoes/_LicitacoesClient.tsx

./src/app/(site)/transparencia/obras/page.tsx
Attempted import error: 'FaCheckCircle' is not exported from '__barr
el_optimize__?names=FaArrowRight,FaBuilding,FaCalendarAlt,FaChartLin
e,FaCheckCircle,FaExclamationTriangle,FaHammer,FaHardHat,FaImage,FaM
agnifyingGlass,FaMapMarkerAlt,FaSpinner!=!react-icons/fa6' 
(imported as 'FaCheckCircle').

Import trace for requested module:
./src/app/(site)/transparencia/obras/page.tsx

./src/app/(site)/transparencia/obras/page.tsx
Attempted import error: 'FaHardHat' is not exported from '__barrel_o
ptimize__?names=FaArrowRight,FaBuilding,FaCalendarAlt,FaChartLine,Fa
CheckCircle,FaExclamationTriangle,FaHammer,FaHardHat,FaImage,FaMagni
fyingGlass,FaMapMarkerAlt,FaSpinner!=!react-icons/fa6' (imported as 
'FaHardHat').

Import trace for requested module:
./src/app/(site)/transparencia/obras/page.tsx

./src/app/(site)/transparencia/obras/page.tsx
Attempted import error: 'FaExclamationTriangle' is not exported 
from '__barrel_optimize__?names=FaArrowRight,FaBuilding,FaCalendarAl
t,FaChartLine,FaCheckCircle,FaExclamationTriangle,FaHammer,FaHardHat
,FaImage,FaMagnifyingGlass,FaMapMarkerAlt,FaSpinner!=!react-icons/fa
6' (imported as 'FaExclamationTriangle').

Import trace for requested module:
./src/app/(site)/transparencia/obras/page.tsx

./src/app/(site)/transparencia/obras/page.tsx
Attempted import error: 'FaHardHat' is not exported from '__barrel_o
ptimize__?names=FaArrowRight,FaBuilding,FaCalendarAlt,FaChartLine,Fa
CheckCircle,FaExclamationTriangle,FaHammer,FaHardHat,FaImage,FaMagni
fyingGlass,FaMapMarkerAlt,FaSpinner!=!react-icons/fa6' (imported as 
'FaHardHat').

Import trace for requested module:
./src/app/(site)/transparencia/obras/page.tsx

./src/app/(site)/transparencia/obras/page.tsx
Attempted import error: 'FaMapMarkerAlt' is not exported from '__bar
rel_optimize__?names=FaArrowRight,FaBuilding,FaCalendarAlt,FaChartLi
ne,FaCheckCircle,FaExclamationTriangle,FaHammer,FaHardHat,FaImage,Fa
MagnifyingGlass,FaMapMarkerAlt,FaSpinner!=!react-icons/fa6' 
(imported as 'FaMapMarkerAlt').

Import trace for requested module:
./src/app/(site)/transparencia/obras/page.tsx

./src/app/(site)/transparencia/obras/page.tsx
Attempted import error: 'FaCalendarAlt' is not exported from '__barr
el_optimize__?names=FaArrowRight,FaBuilding,FaCalendarAlt,FaChartLin
e,FaCheckCircle,FaExclamationTriangle,FaHammer,FaHardHat,FaImage,FaM
agnifyingGlass,FaMapMarkerAlt,FaSpinner!=!react-icons/fa6' 
(imported as 'FaCalendarAlt').

Import trace for requested module:
./src/app/(site)/transparencia/obras/page.tsx

./src/app/(site)/transparencia/obras/page.tsx
Attempted import error: 'FaMapMarkerAlt' is not exported from '__bar
rel_optimize__?names=FaArrowRight,FaBuilding,FaCalendarAlt,FaChartLi
ne,FaCheckCircle,FaExclamationTriangle,FaHammer,FaHardHat,FaImage,Fa
MagnifyingGlass,FaMapMarkerAlt,FaSpinner!=!react-icons/fa6' 
(imported as 'FaMapMarkerAlt').

Import trace for requested module:
./src/app/(site)/transparencia/obras/page.tsx

./src/app/(site)/transparencia/receitas/_ReceitasClient.tsx
Attempted import error: 'FaHistory' is not exported from '__barrel_o
ptimize__?names=FaArrowTrendUp,FaBuildingColumns,FaChartLine,FaCircl
eCheck,FaCircleInfo,FaCoins,FaDownload,FaFilter,FaHistory,FaMagnifyi
ngGlass,FaSpinner,FaTable,FaWallet!=!react-icons/fa6' (imported as 
'FaHistory').

Import trace for requested module:
./src/app/(site)/transparencia/receitas/_ReceitasClient.tsx

./src/app/(site)/transparencia/renuncias-fiscais/page.tsx
Attempted import error: 'FaInfoCircle' is not exported from '__barre
l_optimize__?names=FaArrowRight,FaChartLine,FaClockRotateLeft,FaCoin
s,FaDownload,FaExternalLinkAlt,FaFileAlt,FaHandHoldingDollar,FaInfoC
ircle,FaShieldHalved!=!react-icons/fa6' (imported as 
'FaInfoCircle').

Import trace for requested module:
./src/app/(site)/transparencia/renuncias-fiscais/page.tsx

./src/app/(site)/transparencia/renuncias-fiscais/page.tsx
Attempted import error: 'FaFileAlt' is not exported from '__barrel_o
ptimize__?names=FaArrowRight,FaChartLine,FaClockRotateLeft,FaCoins,F
aDownload,FaExternalLinkAlt,FaFileAlt,FaHandHoldingDollar,FaInfoCirc
le,FaShieldHalved!=!react-icons/fa6' (imported as 'FaFileAlt').

Import trace for requested module:
./src/app/(site)/transparencia/renuncias-fiscais/page.tsx

./src/app/(site)/transparencia/renuncias-fiscais/page.tsx
Attempted import error: 'FaFileAlt' is not exported from '__barrel_o
ptimize__?names=FaArrowRight,FaChartLine,FaClockRotateLeft,FaCoins,F
aDownload,FaExternalLinkAlt,FaFileAlt,FaHandHoldingDollar,FaInfoCirc
le,FaShieldHalved!=!react-icons/fa6' (imported as 'FaFileAlt').

Import trace for requested module:
./src/app/(site)/transparencia/renuncias-fiscais/page.tsx

./src/app/(site)/transparencia/renuncias-fiscais/page.tsx
Attempted import error: 'FaExternalLinkAlt' is not exported from '__
barrel_optimize__?names=FaArrowRight,FaChartLine,FaClockRotateLeft,F
aCoins,FaDownload,FaExternalLinkAlt,FaFileAlt,FaHandHoldingDollar,Fa
InfoCircle,FaShieldHalved!=!react-icons/fa6' (imported as 
'FaExternalLinkAlt').

Import trace for requested module:
./src/app/(site)/transparencia/renuncias-fiscais/page.tsx

./src/app/(site)/transparencia/servidores/folha-pagamento/page.tsx
Attempted import error: 'FaMoneyCheckAlt' is not exported from '__ba
rrel_optimize__?names=FaBuilding,FaBuildingColumns,FaCircleCheck,FaC
lockRotateLeft,FaCoins,FaDownload,FaFilter,FaMagnifyingGlass,FaMoney
CheckAlt,FaShieldHalved,FaSpinner,FaUserTie!=!react-icons/fa6' 
(imported as 'FaMoneyCheckAlt').

Import trace for requested module:
./src/app/(site)/transparencia/servidores/folha-pagamento/page.tsx

./src/app/(site)/transparencia/servidores/page.tsx
Attempted import error: 'FaInfoCircle' is not exported from '__barre
l_optimize__?names=FaArrowRight,FaBuildingUser,FaChevronRight,FaCirc
leCheck,FaFileInvoiceDollar,FaInfoCircle,FaMoneyBillWave,FaTable,FaU
serGroup,FaUserTie,FaUsers!=!react-icons/fa6' (imported as 
'FaInfoCircle').

Import trace for requested module:
./src/app/(site)/transparencia/servidores/page.tsx

./src/app/(site)/transparencia/transferencias/page.tsx
Attempted import error: 'FaExchangeAlt' is not exported from '__barr
el_optimize__?names=FaArrowRight,FaBuilding,FaExchangeAlt,FaExternal
LinkAlt,FaGlobeAmericas,FaHospital,FaInfoCircle,FaMoneyCheckAlt,FaSc
hool,FaShieldHalved,FaSync!=!react-icons/fa6' (imported as 
'FaExchangeAlt').

Import trace for requested module:
./src/app/(site)/transparencia/transferencias/page.tsx

./src/app/(site)/transparencia/transferencias/page.tsx
Attempted import error: 'FaGlobeAmericas' is not exported from '__ba
rrel_optimize__?names=FaArrowRight,FaBuilding,FaExchangeAlt,FaExtern
alLinkAlt,FaGlobeAmericas,FaHospital,FaInfoCircle,FaMoneyCheckAlt,Fa
School,FaShieldHalved,FaSync!=!react-icons/fa6' (imported as 
'FaGlobeAmericas').

Import trace for requested module:
./src/app/(site)/transparencia/transferencias/page.tsx

./src/app/(site)/transparencia/transferencias/page.tsx
Attempted import error: 'FaExchangeAlt' is not exported from '__barr
el_optimize__?names=FaArrowRight,FaBuilding,FaExchangeAlt,FaExternal
LinkAlt,FaGlobeAmericas,FaHospital,FaInfoCircle,FaMoneyCheckAlt,FaSc
hool,FaShieldHalved,FaSync!=!react-icons/fa6' (imported as 
'FaExchangeAlt').

Import trace for requested module:
./src/app/(site)/transparencia/transferencias/page.tsx

./src/app/(site)/transparencia/transferencias/page.tsx
Attempted import error: 'FaSync' is not exported from '__barrel_opti
mize__?names=FaArrowRight,FaBuilding,FaExchangeAlt,FaExternalLinkAlt
,FaGlobeAmericas,FaHospital,FaInfoCircle,FaMoneyCheckAlt,FaSchool,Fa
ShieldHalved,FaSync!=!react-icons/fa6' (imported as 'FaSync').

Import trace for requested module:
./src/app/(site)/transparencia/transferencias/page.tsx

./src/app/(site)/transparencia/transferencias/page.tsx
Attempted import error: 'FaExternalLinkAlt' is not exported from '__
barrel_optimize__?names=FaArrowRight,FaBuilding,FaExchangeAlt,FaExte
rnalLinkAlt,FaGlobeAmericas,FaHospital,FaInfoCircle,FaMoneyCheckAlt,
FaSchool,FaShieldHalved,FaSync!=!react-icons/fa6' (imported as 
'FaExternalLinkAlt').

Import trace for requested module:
./src/app/(site)/transparencia/transferencias/page.tsx

./src/app/(site)/transparencia/transferencias/page.tsx
Attempted import error: 'FaExternalLinkAlt' is not exported from '__
barrel_optimize__?names=FaArrowRight,FaBuilding,FaExchangeAlt,FaExte
rnalLinkAlt,FaGlobeAmericas,FaHospital,FaInfoCircle,FaMoneyCheckAlt,
FaSchool,FaShieldHalved,FaSync!=!react-icons/fa6' (imported as 
'FaExternalLinkAlt').

Import trace for requested module:
./src/app/(site)/transparencia/transferencias/page.tsx

./src/app/(site)/transparencia/transferencias/page.tsx
Attempted import error: 'FaExternalLinkAlt' is not exported from '__
barrel_optimize__?names=FaArrowRight,FaBuilding,FaExchangeAlt,FaExte
rnalLinkAlt,FaGlobeAmericas,FaHospital,FaInfoCircle,FaMoneyCheckAlt,
FaSchool,FaShieldHalved,FaSync!=!react-icons/fa6' (imported as 
'FaExternalLinkAlt').

Import trace for requested module:
./src/app/(site)/transparencia/transferencias/page.tsx

./src/app/(site)/transparencia/transferencias/page.tsx
Attempted import error: 'FaMoneyCheckAlt' is not exported from '__ba
rrel_optimize__?names=FaArrowRight,FaBuilding,FaExchangeAlt,FaExtern
alLinkAlt,FaGlobeAmericas,FaHospital,FaInfoCircle,FaMoneyCheckAlt,Fa
School,FaShieldHalved,FaSync!=!react-icons/fa6' (imported as 
'FaMoneyCheckAlt').

Import trace for requested module:
./src/app/(site)/transparencia/transferencias/page.tsx

./src/app/(site)/transparencia/transferencias/page.tsx
Attempted import error: 'FaInfoCircle' is not exported from '__barre
l_optimize__?names=FaArrowRight,FaBuilding,FaExchangeAlt,FaExternalL
inkAlt,FaGlobeAmericas,FaHospital,FaInfoCircle,FaMoneyCheckAlt,FaSch
ool,FaShieldHalved,FaSync!=!react-icons/fa6' (imported as 
'FaInfoCircle').

Import trace for requested module:
./src/app/(site)/transparencia/transferencias/page.tsx

./src/components/transparencia/integracao/ListaTransferenciasFederal
.tsx
Attempted import error: 'FaCalendarAlt' is not exported from '__barr
el_optimize__?names=FaCalendarAlt,FaChartLine,FaLandmark,FaRegClock!
=!react-icons/fa6' (imported as 'FaCalendarAlt').

Import trace for requested module:
./src/components/transparencia/integracao/ListaTransferenciasFederal
.tsx
./src/app/(site)/transparencia/transferencias/page.tsx

./src/components/transparencia/integracao/ListaTransferenciasFederal
.tsx
Attempted import error: 'FaCalendarAlt' is not exported from '__barr
el_optimize__?names=FaCalendarAlt,FaChartLine,FaLandmark,FaRegClock!
=!react-icons/fa6' (imported as 'FaCalendarAlt').

Import trace for requested module:
./src/components/transparencia/integracao/ListaTransferenciasFederal
.tsx
./src/app/(site)/transparencia/transferencias/page.tsx

 Ô£ô Compiled successfully
   Linting and checking validity of types ...
Failed to compile.

./src/app/(site)/transparencia/atas-registro/_AtasRegistroClient.tsx
:4:33
Type error: '"react-icons/fa6"' has no exported member named 
'FaCalendarAlt'. Did you mean 'FaCalendar'?

[0m [90m 2 |[39m [36mimport[39m { useState[33m,[39m 
useEffect } [36mfrom[39m [32m"react"[39m[33m;[39m[0m
[0m [90m 3 |[39m [36mimport[39m { [0m
[0m[31m[1m>[22m[39m[90m 4 |[39m     
[33mFaFileSignature[39m[33m,[39m [33mFaSpinner[39m[33m,[39m 
[33mFaCalendarAlt[39m[33m,[39m [33mFaBuilding[39m[33m,[39m 
[0m
[0m [90m   |[39m                                 
[31m[1m^[22m[39m[0m
[0m [90m 5 |[39m     [33mFaDownload[39m[33m,[39m 
[33mFaSearch[39m[33m,[39m [33mFaCheckCircle[39m[33m,[39m 
[33mFaTimesCircle[39m[33m,[39m[0m
[0m [90m 6 |[39m     [33mFaArrowRight[39m[33m,[39m 
[33mFaMagnifyingGlass[39m[33m,[39m 
[33mFaBriefcase[39m[33m,[39m [33mFaWallet[39m[33m,[39m[0m
[0m [90m 7 |[39m     [33mFaFileLines[39m[0m
